python3: can't open file '/mnt/e/BaiduNetdiskWorkspace/or_Rwork/frontend/simple_api.py': [Errno 2] No such file or directory
